[backblue.gif]
[fade.gif]
[index.html]
[class.ece.iastate.edu/cpre288/index.html]
[class.ece.iastate.edu/cpre288/css/isu-logo.png]
[class.ece.iastate.edu/cpre288/css/base4341.css]
[class.ece.iastate.edu/cpre288/css/iastate4341.css]
[class.ece.iastate.edu/cpre288/css/isu-footer-logo.png]
[class.ece.iastate.edu/cpre288/css/search.png]
[class.ece.iastate.edu/cpre288/css/content4341.css]
[class.ece.iastate.edu/cpre288/css/sidebar-shadow.jpg]
[class.ece.iastate.edu/cpre288/css/sidebar-shadow-end.jpg]
[class.ece.iastate.edu/cpre288/default.html]
[class.ece.iastate.edu/cpre288/calendar.html]
[class.ece.iastate.edu/cpre288/css/ical.png]
[class.ece.iastate.edu/cpre288/homework.html]
[class.ece.iastate.edu/cpre288/homeworks/hw1.doc]
[class.ece.iastate.edu/cpre288/homeworks/hw1-solutions.pdf]
[class.ece.iastate.edu/cpre288/homeworks/hw2.doc]
[class.ece.iastate.edu/cpre288/homeworks/hw2-solutions.pdf]
[class.ece.iastate.edu/cpre288/lab.html]
[class.ece.iastate.edu/cpre288/homeworks/hw3.doc]
[class.ece.iastate.edu/cpre288/homeworks/hw3-solutions.pdf]
[class.ece.iastate.edu/cpre288/homeworks/hw4.doc]
[class.ece.iastate.edu/cpre288/homeworks/hw4-solutions.pdf]
[class.ece.iastate.edu/cpre288/lecture.html]
[class.ece.iastate.edu/cpre288/homeworks/hw5.doc]
[class.ece.iastate.edu/cpre288/homeworks/hw5-solutions.pdf]
[class.ece.iastate.edu/cpre288/homeworks/hw6.doc]
[class.ece.iastate.edu/cpre288/homeworks/hw6-solutions.pdf]
[class.ece.iastate.edu/cpre288/resources.html]
[class.ece.iastate.edu/cpre288/homeworks/hw7.doc]
[class.ece.iastate.edu/cpre288/homeworks/hw7-solutions.pdf]
[class.ece.iastate.edu/cpre288/homeworks/hw8.doc]
[class.ece.iastate.edu/cpre288/homeworks/hw8-solutions-revised.pdf]
[class.ece.iastate.edu/cpre288/syllabus.html]
[class.ece.iastate.edu/cpre288/homeworks/hw9.doc]
[class.ece.iastate.edu/cpre288/homeworks/hw10.doc]
[class.ece.iastate.edu/cpre288/homeworks/hw10-solutions.pdf]
[class.ece.iastate.edu/cpre288/homeworks/hw11.doc]
[class.ece.iastate.edu/cpre288/homeworks/hw11-solutions.pdf]
[class.ece.iastate.edu/cpre288/homeworks/hw12.doc]
[class.ece.iastate.edu/cpre288/homeworks/hw12-solutions.pdf]
[class.ece.iastate.edu/cpre288/labs/Lab1/index.html]
[class.ece.iastate.edu/cpre288/labs/Lab2/index.html]
[class.ece.iastate.edu/cpre288/labs/Project/project_description.pdf]
[class.ece.iastate.edu/cpre288/labs/Project/supplemental_specs.pdf]
[class.ece.iastate.edu/cpre288/labs/Project/eval_sheet.doc]
[class.ece.iastate.edu/cpre288/lectures/lect1_2.pdf]
[class.ece.iastate.edu/cpre288/labs/Lab3/index.html]
[class.ece.iastate.edu/cpre288/lectures/lect1_2_1pp.pdf]
[class.ece.iastate.edu/cpre288/lectures/lect3_4.pdf]
[class.ece.iastate.edu/cpre288/lectures/lect3_4_1pp.pdf]
[class.ece.iastate.edu/cpre288/lectures/lect5_6.pdf]
[class.ece.iastate.edu/cpre288/labs/Lab4/index.html]
[class.ece.iastate.edu/cpre288/lectures/lect5_6_1pp.pdf]
[class.ece.iastate.edu/cpre288/lectures/lect7_8.pdf]
[class.ece.iastate.edu/cpre288/lectures/lect7_8_1pp.pdf]
[class.ece.iastate.edu/cpre288/lectures/lect9_10.pdf]
[class.ece.iastate.edu/cpre288/labs/Lab5/lab5.html]
[class.ece.iastate.edu/cpre288/lectures/lect9_10_1pp.pdf]
[class.ece.iastate.edu/cpre288/lectures/Exam1-review.pdf]
[class.ece.iastate.edu/cpre288/lectures/Exam1-review-1pp.pdf]
[class.ece.iastate.edu/cpre288/lectures/lect_11.pdf]
[class.ece.iastate.edu/cpre288/labs/Lab6/lab6.html]
[class.ece.iastate.edu/cpre288/lectures/lect_11-1pp.pdf]
[class.ece.iastate.edu/cpre288/lectures/lect12_13.pdf]
[class.ece.iastate.edu/cpre288/lectures/lect12_13_1pp.pdf]
[class.ece.iastate.edu/cpre288/lectures/lect14_15_v3.pdf]
[class.ece.iastate.edu/cpre288/labs/Lab7/lab7.html]
[class.ece.iastate.edu/cpre288/lectures/lect14_15_v3_1pp.pdf]
[class.ece.iastate.edu/cpre288/lectures/lect16_17.pdf]
[class.ece.iastate.edu/cpre288/lectures/lect16_17_1pp.pdf]
[class.ece.iastate.edu/cpre288/lectures/lect18_19.pdf]
[class.ece.iastate.edu/cpre288/labs/Lab8/lab8.html]
[class.ece.iastate.edu/cpre288/lectures/lect18_19_1pp.pdf]
[class.ece.iastate.edu/cpre288/lecture/Doxygen/DoxygenTutorial.pdf]
[class.ece.iastate.edu/cpre288/lectures/lect21_22.pdf]
[class.ece.iastate.edu/cpre288/labs/Lab9/Lab9.html]
[class.ece.iastate.edu/cpre288/lectures/lect21_22_1pp.pdf]
[class.ece.iastate.edu/cpre288/lectures/lect23_24.pdf]
[class.ece.iastate.edu/cpre288/lectures/lect23_24_1pp.pdf]
[class.ece.iastate.edu/cpre288/lecture/test-asm.zip]
[class.ece.iastate.edu/cpre288/lecture/Doxygen/html/files.html]
[class.ece.iastate.edu/cpre288/lectures/lect25_26.pdf]
[class.ece.iastate.edu/cpre288/lectures/lect25_26_1pp.pdf]
[class.ece.iastate.edu/cpre288/resources/docs/avr-libc-user-manual.pdf]
[class.ece.iastate.edu/cpre288/lectures/lect27.pdf]
[class.ece.iastate.edu/cpre288/lectures/lect27_1pp.pdf]
[class.ece.iastate.edu/cpre288/lectures/exam3-review.pdf]
[class.ece.iastate.edu/cpre288/resources/docs/doc2467.pdf]
[class.ece.iastate.edu/cpre288/resources/docs/doc0856.pdf]
[class.ece.iastate.edu/cpre288/resources/docs/doc1022.pdf]
[class.ece.iastate.edu/cpre288/resources/docs/HD44780.pdf]
[class.ece.iastate.edu/cpre288/resources/docs/Create Open Interface_v2.pdf]
[class.ece.iastate.edu/cpre288/resources/docs/Create Manual_Final.pdf]
[class.ece.iastate.edu/cpre288/resources/docs/EC11.pdf]
[class.ece.iastate.edu/cpre288/resources/docs/AVR360_Step_Motor_Controller.pdf]
[class.ece.iastate.edu/cpre288/resources/docs/standard_motor_4018.pdf]
[class.ece.iastate.edu/cpre288/resources/docs/10542B.pdf]
[class.ece.iastate.edu/cpre288/resources/docs/GP2D12J0000F_SS_20060207.pdf]
[class.ece.iastate.edu/cpre288/resources/docs/28015-PING-v1.3.pdf]
[class.ece.iastate.edu/cpre288/resources/docs/900-00005StdServo-v2.1.pdf]
[class.ece.iastate.edu/cpre288/resources/doxygen/Nelson Doxygen Brief.pdf]
[class.ece.iastate.edu/cpre288/resources/doxygen/doxygen-1.7.4-windows.zip]
[class.ece.iastate.edu/cpre288/resources/doxygen/doxygen-1.7.4-linux.zip]
[class.ece.iastate.edu/cpre288/resources/programs/as6installer-6.0.1843.zip]
[class.ece.iastate.edu/cpre288/resources/programs/as5installer-full-5.0.1223.zip]
[class.ece.iastate.edu/cpre288/resources/doxygen/doxygen-1.7.4-mac.zip]
[class.ece.iastate.edu/cpre288/resources/docs/music.zip]
[class.ece.iastate.edu/cpre288/resources/docs/doc1234.pdf]
[class.ece.iastate.edu/cpre288/resources/docs/doc1493.pdf]
[class.ece.iastate.edu/cpre288/resources/docs/doc2575.zip]
[class.ece.iastate.edu/cpre288/resources/docs/ATMega128_starterguide.pdf]
[class.ece.iastate.edu/cpre288/labs/Lab1/lab_eval.doc]
[class.ece.iastate.edu/cpre288/labs/programs/helloworld.c]
[class.ece.iastate.edu/cpre288/labs/programs/lcd.c]
[class.ece.iastate.edu/cpre288/labs/programs/lcd.h]
[class.ece.iastate.edu/cpre288/labs/programs/lab1/util.c]
[class.ece.iastate.edu/cpre288/labs/programs/lab1/util.h]
[class.ece.iastate.edu/cpre288/labs/Lab1/images/image001.jpg]
[class.ece.iastate.edu/cpre288/labs/Lab1/images/image004.jpg]
[class.ece.iastate.edu/cpre288/labs/Lab1/images/image010.jpg]
[class.ece.iastate.edu/cpre288/labs/Lab1/images/JTAGICE_mkII.jpg]
[class.ece.iastate.edu/cpre288/labs/Lab2/lab_eval.doc]
[class.ece.iastate.edu/cpre288/labs/programs/open_interface.c]
[class.ece.iastate.edu/cpre288/labs/programs/open_interface.h]
[class.ece.iastate.edu/cpre288/labs/Lab2/images/iRobot_Create.jpg]
[class.ece.iastate.edu/cpre288/labs/Lab2/images/map.jpg]
[class.ece.iastate.edu/cpre288/labs/Lab3/lab_eval.doc]
[class.ece.iastate.edu/cpre288/labs/programs/lab3/util.c]
[class.ece.iastate.edu/cpre288/labs/programs/lab3/util.h]
[class.ece.iastate.edu/cpre288/labs/Lab3/images/quadrature_signals.gif]
[class.ece.iastate.edu/cpre288/labs/Lab4/lab_eval.doc]
[class.ece.iastate.edu/cpre288/labs/programs/clock_intr.c]
[class.ece.iastate.edu/cpre288/labs/programs/lab4/util.c]
[class.ece.iastate.edu/cpre288/labs/programs/lab4/util.h]
[class.ece.iastate.edu/cpre288/labs/Lab4/images/jtag_clock.png]
[class.ece.iastate.edu/cpre288/labs/Lab4/images/step_toolbar.png]
[class.ece.iastate.edu/cpre288/labs/Lab4/images/breakpoint.png]
[class.ece.iastate.edu/cpre288/labs/Lab4/images/watch.png]
[class.ece.iastate.edu/cpre288/labs/Lab4/images/toolbar.png]
[class.ece.iastate.edu/cpre288/labs/Lab5/programs/util.c]
[class.ece.iastate.edu/cpre288/labs/Lab5/programs/util.h]
[class.ece.iastate.edu/cpre288/labs/Lab5/programs/lcd.c]
[class.ece.iastate.edu/cpre288/labs/Lab5/programs/lcd.h]
[class.ece.iastate.edu/cpre288/labs/Lab5/jumper.jpg]
[class.ece.iastate.edu/cpre288/labs/Lab5/programs/lab5.zip]
[class.ece.iastate.edu/cpre288/labs/Lab5/lab5_eval.doc]
[class.ece.iastate.edu/cpre288/labs/Lab6/GP2D12J0000F_SS_20060207.pdf]
[class.ece.iastate.edu/cpre288/labs/Lab6/math library.png]
[class.ece.iastate.edu/cpre288/labs/Lab6/programs/util.c]
[class.ece.iastate.edu/cpre288/labs/Lab6/programs/util.h]
[class.ece.iastate.edu/cpre288/labs/Lab6/programs/lcd.c]
[class.ece.iastate.edu/cpre288/labs/Lab6/programs/lcd.h]
[class.ece.iastate.edu/cpre288/labs/Lab6/ir_dist_picture.jpg]
[class.ece.iastate.edu/cpre288/labs/Lab6/IR_dist.gif]
[class.ece.iastate.edu/cpre288/labs/Lab6/ir_connection.jpg]
[class.ece.iastate.edu/cpre288/labs/Lab6/lab6_eval.doc]
[class.ece.iastate.edu/cpre288/labs/Lab7/28015-PING-v1.3.pdf]
[class.ece.iastate.edu/cpre288/labs/Lab7/programs/util.c]
[class.ece.iastate.edu/cpre288/labs/Lab7/programs/util.h]
[class.ece.iastate.edu/cpre288/labs/Lab7/programs/lcd.c]
[class.ece.iastate.edu/cpre288/labs/Lab7/programs/lcd.h]
[class.ece.iastate.edu/cpre288/labs/Lab7/XYZs_of_Oscilloscopes.pdf]
[class.ece.iastate.edu/cpre288/labs/Lab7/FuncGen_Oscope_Tutorial_Revised H.pdf]
[class.ece.iastate.edu/cpre288/labs/Lab7/lab7_eval.doc]
[class.ece.iastate.edu/cpre288/labs/Lab8/lab8_files/filelist.xml]
[class.ece.iastate.edu/cpre288/labs/Lab8/lab8_files/themedata.thmx]
[class.ece.iastate.edu/cpre288/labs/Lab8/lab8_files/colorschememapping.xml]
[class.ece.iastate.edu/cpre288/labs/Lab8/stdservo.pdf]
[class.ece.iastate.edu/cpre288/labs/Lab8/roboticsservomod.pdf]
[class.ece.iastate.edu/cpre288/labs/Lab8/programs/util.c]
[class.ece.iastate.edu/cpre288/labs/Lab8/programs/util.h]
[class.ece.iastate.edu/cpre288/labs/Lab8/programs/lcd.c]
[class.ece.iastate.edu/cpre288/labs/Lab8/programs/lcd.h]
[class.ece.iastate.edu/cpre288/labs/Lab8/Servo_Breakdown.jpg]
[class.ece.iastate.edu/cpre288/labs/Lab8/servodiagram1_src.jpg]
[class.ece.iastate.edu/cpre288/labs/Lab8/servo_positioning_reference.gif]
[class.ece.iastate.edu/cpre288/labs/Lab8/position_reference.gif]
[class.ece.iastate.edu/cpre288/labs/Lab8/lab8_eval.doc]
[class.ece.iastate.edu/cpre288/labs/Lab9/programs/util.c]
[class.ece.iastate.edu/cpre288/labs/Lab9/programs/util.h]
[class.ece.iastate.edu/cpre288/labs/Lab9/programs/lcd.c]
[class.ece.iastate.edu/cpre288/labs/Lab9/programs/lcd.h]
[class.ece.iastate.edu/cpre288/labs/Lab9/physical_layout_discrimination_drawings.gif]
[class.ece.iastate.edu/cpre288/labs/Lab9/IR_plot_discrimination_drawings.jpg]
[class.ece.iastate.edu/cpre288/labs/Lab9/ping_discrimination_drawings.jpg]
[class.ece.iastate.edu/cpre288/labs/Lab9/lab9_eval.doc]
[class.ece.iastate.edu/cpre288/lecture/Doxygen/html/doxygen.png]
