[backblue.gif]
[fade.gif]
[index.html]
[www.cs.iastate.edu/_cs363/AltovaLogo.gif]
[www.cs.iastate.edu/_cs363/index.html]
[www.cs.iastate.edu/_cs363/Getting_Help/Shashi_K_Gadia.jpg]
[www.cs.iastate.edu/_cs363/Getting_Help/Getting_Help.htm]
[www.cs.iastate.edu/_cs363/Getting_Help/YetianChen.jpg]
[www.cs.iastate.edu/_cs363/Resources/SubmissionCoverSheet.pdf]
[www.cs.iastate.edu/_cs363/CourseInfo/CourseInfo.htm]
[www.cs.iastate.edu/_cs363/Homeworks/Homeworks.htm]
[www.cs.iastate.edu/_cs363/Projects/Projects.htm]
[www.cs.iastate.edu/_cs363/Resources/CyDIW_Root.zip]
[www.cs.iastate.edu/_cs363/Resources/TKDE-2010-07-0425.R1_Zhao.pdf]
[www.cs.iastate.edu/_cs363/Software_Systems/Java/Java_Demo.java]
[www.cs.iastate.edu/_cs363/Software_Systems/Java/Java_Demo.bat.txt]
[www.cs.iastate.edu/_cs363/Resources/mysql-connector-java-5.0.5.jar]
[www.cs.iastate.edu/_cs363/Software_Systems/JDBC/JDBC_Demo.java]
[www.cs.iastate.edu/_cs363/Software_Systems/JDBC/JDBC_Demo_Output.txt]
[www.cs.iastate.edu/_cs363/Software_Systems/JDBC/BuildPathInEclipse.JPG]
[www.cs.iastate.edu/_cs363/Software_Systems/JDBC/JDBC_Demo.bat.txt]
[www.cs.iastate.edu/_cs363/Software_Systems/Software_Systems.htm]
[www.cs.iastate.edu/_cs363/Tests/01_Test/Sample_Test_01_And_Solutions.pdf]
[www.cs.iastate.edu/_cs363/Tests/Tests.htm]
[www.cs.iastate.edu/_cs363/Reports/363_Fall_2012.pdf]
[www.cs.iastate.edu/_cs363/Reports/Reports.htm]
[www.cs.iastate.edu/_cs363/Getting_Help/FAQ.htm]
[www.cs.iastate.edu/_cs363/Resources/P4_Demo.zip]
[www.cs.iastate.edu/_cs363/Projects/04_DOM_API/Project_4.htm]
[www.cs.iastate.edu/_cs363/Homeworks/01_Opt/Opt_Exercises.Fall-2012.htm]
[www.cs.iastate.edu/_cs363/Homeworks/01_Opt/UnoptimizedTree.gif]
[www.cs.iastate.edu/_cs363/Homeworks/01_Opt/Opt_Solution.Fall2012.htm]
[www.cs.iastate.edu/_cs363/Homeworks/01_Opt/OptimizedTree.gif]
[www.cs.iastate.edu/_cs363/Homeworks/02_ER/ER_Exercises.htm]
[www.cs.iastate.edu/_cs363/Homeworks/02_ER/question1.jpg]
[www.cs.iastate.edu/_cs363/Homeworks/02_ER/question3.jpg]
[www.cs.iastate.edu/_cs363/Homeworks/02_ER/question4.jpg]
[www.cs.iastate.edu/_cs363/Homeworks/02_ER/question5.jpg]
[www.cs.iastate.edu/_cs363/Homeworks/02_ER/ER_Solution.html]
[www.cs.iastate.edu/_cs363/Homeworks/03_OODB/OO_Figure.gif]
[www.cs.iastate.edu/_cs363/Homeworks/03_OODB/OO_Exercises.htm]
[www.cs.iastate.edu/_cs363/Homeworks/04_FDs/FD_Exercises.htm]
[www.cs.iastate.edu/_cs363/Homeworks/04_FDs/fig1.jpg]
[www.cs.iastate.edu/_cs363/Homeworks/04_FDs/FD_Solutions.htm]
[www.cs.iastate.edu/_cs363/Homeworks/05_InfoInt/InfoInt_Exercises.htm]
[www.cs.iastate.edu/_cs363/Homeworks/05_InfoInt/InfoInt_Solution.htm]
[www.cs.iastate.edu/_cs363/Projects/00_Logistics/Project_0.htm]
[www.cs.iastate.edu/_cs363/Resources/SQL_Project_Files.zip]
[www.cs.iastate.edu/_cs363/Projects/01_SQL/Project_SQL.htm]
[www.cs.iastate.edu/_cs363/Projects/02_JDBC/Top_Instructors.htm]
[www.cs.iastate.edu/_cs363/Resources/UniversityDB_Datasets.zip]
[www.cs.iastate.edu/_cs363/Projects/03_XQuery/Project_XQuery.htm]
[www.cs.iastate.edu/_cs363/Projects/Projec1.jpg]
[www.cs.iastate.edu/_cs363/Projects/Projec2.jpg]
[www.cs.iastate.edu/_cs363/Projects/Secure1.jpg]
[www.cs.iastate.edu/_cs363/Projects/Secure2.jpg]
[www.cs.iastate.edu/_cs363/Projects/Secure_Shell.htm]
[www.cs.iastate.edu/_cs363/Tests/01_Test/Sample_Test_01.htm]
[www.cs.iastate.edu/_cs363/Tests/02_Test/Sample_Test_02.htm]
[www.cs.iastate.edu/_cs363/Tests/02_Test/Sample_Test_02_Solutions.htm]
[www.cs.iastate.edu/_cs363/Projects/04_DOM_API/JDBC_VS_JDBCX.htm]
[www.cs.iastate.edu/_cs363/Tests/01_Test/Sample_Test_01_And_Solutions.fm-1.gif]
[www.cs.iastate.edu/_cs363/Tests/01_Test/Sample_Test_01.css]
